173.113.254.20 - - [18/Feb/2011:18:31:53 -0500] "GET /js/AppViewport.js?1298072026 HTTP/1.1" 200 1061 "http://septa.mics.me/" "Mozilla/5.0 (Linux; U; Android 2.2.1; en-us; LS670 Build/ZVC) AppleWebKit/533.1 (KHTML, like Gecko) Version/4.0 Mobile Safari/533.1"
173.113.254.20 - - [18/Feb/2011:18:31:53 -0500] "GET /js/index.js?1298068507 HTTP/1.1" 200 181 "http://septa.mics.me/" "Mozilla/5.0 (Linux; U; Android 2.2.1; en-us; LS670 Build/ZVC) AppleWebKit/533.1 (KHTML, like Gecko) Version/4.0 Mobile Safari/533.1"
173.113.254.20 - - [18/Feb/2011:18:31:53 -0500] "GET /jslib/touch/map/plugins/GmapTraffic.js HTTP/1.1" 200 536 "http://septa.mics.me/" "Mozilla/5.0 (Linux; U; Android 2.2.1; en-us; LS670 Build/ZVC) AppleWebKit/533.1 (KHTML, like Gecko) Version/4.0 Mobile Safari/533.1"
173.113.254.20 - - [18/Feb/2011:18:31:53 -0500] "GET /jslib/sencha-touch/sencha-touch.js HTTP/1.1" 200 100134 "http://septa.mics.me/" "Mozilla/5.0 (Linux; U; Android 2.2.1; en-us; LS670 Build/ZVC) AppleWebKit/533.1 (KHTML, like Gecko) Version/4.0 Mobile Safari/533.1"
69.141.198.208 - anthony [18/Feb/2011:18:31:55 -0500] "GET /develop/site-root%20(live)/routes.php HTTP/1.1" 200 51 "-" "WebDAVFS/1.2.7 (01278000) Coda/1.7 neon/0.26.0"
173.113.254.20 - - [18/Feb/2011:18:31:57 -0500] "GET /favicon.ico HTTP/1.1" 404 - "http://septa.mics.me/" "Mozilla/5.0 (Linux; U; Android 2.2.1; en-us; LS670 Build/ZVC) AppleWebKit/533.1 (KHTML, like Gecko) Version/4.0 Mobile Safari/533.1"
69.141.198.208 - anthony [18/Feb/2011:18:32:11 -0500] "PUT /develop/site-root%20(live)/regionalroutes.php HTTP/1.1" 200 - "-" "WebDAVFS/1.2.7 (01278000) Coda/1.7 neon/0.26.0"
173.113.254.20 - - [18/Feb/2011:18:32:30 -0500] "GET /routes/json?_dc=1298072106011 HTTP/1.1" 200 3412 "http://septa.mics.me/" "Mozilla/5.0 (Linux; U; Android 2.2.1; en-us; LS670 Build/ZVC) AppleWebKit/533.1 (KHTML, like Gecko) Version/4.0 Mobile Safari/533.1"
173.113.254.20 - - [18/Feb/2011:18:32:30 -0500] "GET / HTTP/1.1" 200 342 "-" "Mozilla/5.0 (Linux; U; Android 2.2.1; en-us; LS670 Build/ZVC) AppleWebKit/533.1 (KHTML, like Gecko) Version/4.0 Mobile Safari/533.1"
173.113.254.20 - - [18/Feb/2011:18:32:31 -0500] "GET /jslib/touch/map/plugins/GmapTracker.js HTTP/1.1" 200 2092 "http://septa.mics.me/" "Mozilla/5.0 (Linux; U; Android 2.2.1; en-us; LS670 Build/ZVC) AppleWebKit/533.1 (KHTML, like Gecko) Version/4.0 Mobile Safari/533.1"
173.113.254.20 - - [18/Feb/2011:18:32:31 -0500] "GET /jslib/sencha-touch/resources/css/sencha-touch.css HTTP/1.1" 200 54022 "http://septa.mics.me/" "Mozilla/5.0 (Linux; U; Android 2.2.1; en-us; LS670 Build/ZVC) AppleWebKit/533.1 (KHTML, like Gecko) Version/4.0 Mobile Safari/533.1"
173.113.254.20 - - [18/Feb/2011:18:32:32 -0500] "GET /js/AppViewport.js?1298072085 HTTP/1.1" 200 1087 "http://septa.mics.me/" "Mozilla/5.0 (Linux; U; Android 2.2.1; en-us; LS670 Build/ZVC) AppleWebKit/533.1 (KHTML, like Gecko) Version/4.0 Mobile Safari/533.1"
173.113.254.20 - - [18/Feb/2011:18:32:32 -0500] "GET /js/index.js?1298068507 HTTP/1.1" 200 181 "http://septa.mics.me/" "Mozilla/5.0 (Linux; U; Android 2.2.1; en-us; LS670 Build/ZVC) AppleWebKit/533.1 (KHTML, like Gecko) Version/4.0 Mobile Safari/533.1"
173.113.254.20 - - [18/Feb/2011:18:32:32 -0500] "GET /jslib/touch/map/plugins/GmapTraffic.js HTTP/1.1" 200 536 "http://septa.mics.me/" "Mozilla/5.0 (Linux; U; Android 2.2.1; en-us; LS670 Build/ZVC) AppleWebKit/533.1 (KHTML, like Gecko) Version/4.0 Mobile Safari/533.1"
69.141.198.208 - - [18/Feb/2011:18:32:32 -0500] "GET /regionalroutes HTTP/1.1" 200 8530 "-" "Mozilla/5.0 (Macintosh; U; Intel Mac OS X 10_6_6; en-US) AppleWebKit/534.3 (KHTML, like Gecko) Chrome/6.0.472.63 Safari/534.3"
173.113.254.20 - - [18/Feb/2011:18:32:31 -0500] "GET /jslib/sencha-touch/sencha-touch.js HTTP/1.1" 200 100134 "http://septa.mics.me/" "Mozilla/5.0 (Linux; U; Android 2.2.1; en-us; LS670 Build/ZVC) AppleWebKit/533.1 (KHTML, like Gecko) Version/4.0 Mobile Safari/533.1"
69.141.198.208 - - [18/Feb/2011:18:32:33 -0500] "GET /favicon.ico HTTP/1.1" 404 - "-" "Mozilla/5.0 (Macintosh; U; Intel Mac OS X 10_6_6; en-US) AppleWebKit/534.3 (KHTML, like Gecko) Chrome/6.0.472.63 Safari/534.3"
173.113.254.20 - - [18/Feb/2011:18:32:37 -0500] "GET /favicon.ico HTTP/1.1" 404 - "http://septa.mics.me/" "Mozilla/5.0 (Linux; U; Android 2.2.1; en-us; LS670 Build/ZVC) AppleWebKit/533.1 (KHTML, like Gecko) Version/4.0 Mobile Safari/533.1"
69.141.198.208 - - [18/Feb/2011:18:32:37 -0500] "GET /regionalroutes/json HTTP/1.1" 200 745 "-" "Mozilla/5.0 (Macintosh; U; Intel Mac OS X 10_6_6; en-US) AppleWebKit/534.3 (KHTML, like Gecko) Chrome/6.0.472.63 Safari/534.3"
69.141.198.208 - - [18/Feb/2011:18:32:38 -0500] "GET /favicon.ico HTTP/1.1" 404 - "-" "Mozilla/5.0 (Macintosh; U; Intel Mac OS X 10_6_6; en-US) AppleWebKit/534.3 (KHTML, like Gecko) Chrome/6.0.472.63 Safari/534.3"
173.113.254.20 - - [18/Feb/2011:18:32:40 -0500] "GET /routes/json?_dc=1298072146599 HTTP/1.1" 200 3412 "http://septa.mics.me/" "Mozilla/5.0 (Linux; U; Android 2.2.1; en-us; LS670 Build/ZVC) AppleWebKit/533.1 (KHTML, like Gecko) Version/4.0 Mobile Safari/533.1"
69.141.198.208 - - [18/Feb/2011:18:32:48 -0500] "GET / HTTP/1.1" 200 342 "-" "Mozilla/5.0 (Macintosh; U; Intel Mac OS X 10_6_6; en-US) AppleWebKit/534.20 (KHTML, like Gecko) Chrome/11.0.672.2 Safari/534.20"
69.141.198.208 - - [18/Feb/2011:18:32:48 -0500] "GET /js/AppViewport.js?1298072131 HTTP/1.1" 200 1086 "http://septa.mics.me/" "Mozilla/5.0 (Macintosh; U; Intel Mac OS X 10_6_6; en-US) AppleWebKit/534.20 (KHTML, like Gecko) Chrome/11.0.672.2 Safari/534.20"
69.141.198.208 - - [18/Feb/2011:18:32:48 -0500] "GET /js/index.js?1298068507 HTTP/1.1" 304 - "http://septa.mics.me/" "Mozilla/5.0 (Macintosh; U; Intel Mac OS X 10_6_6; en-US) AppleWebKit/534.20 (KHTML, like Gecko) Chrome/11.0.672.2 Safari/534.20"
69.141.198.208 - - [18/Feb/2011:18:32:48 -0500] "GET /jslib/touch/map/plugins/GmapTraffic.js HTTP/1.1" 200 536 "http://septa.mics.me/" "Mozilla/5.0 (Macintosh; U; Intel Mac OS X 10_6_6; en-US) AppleWebKit/534.20 (KHTML, like Gecko) Chrome/11.0.672.2 Safari/534.20"
69.141.198.208 - - [18/Feb/2011:18:32:48 -0500] "GET /jslib/touch/map/plugins/GmapTracker.js HTTP/1.1" 200 2092 "http://septa.mics.me/" "Mozilla/5.0 (Macintosh; U; Intel Mac OS X 10_6_6; en-US) AppleWebKit/534.20 (KHTML, like Gecko) Chrome/11.0.672.2 Safari/534.20"
69.141.198.208 - - [18/Feb/2011:18:32:48 -0500] "GET /jslib/sencha-touch/resources/css/sencha-touch.css HTTP/1.1" 200 54022 "http://septa.mics.me/" "Mozilla/5.0 (Macintosh; U; Intel Mac OS X 10_6_6; en-US) AppleWebKit/534.20 (KHTML, like Gecko) Chrome/11.0.672.2 Safari/534.20"
69.141.198.208 - - [18/Feb/2011:18:32:48 -0500] "GET /jslib/sencha-touch/sencha-touch.js HTTP/1.1" 200 100134 "http://septa.mics.me/" "Mozilla/5.0 (Macintosh; U; Intel Mac OS X 10_6_6; en-US) AppleWebKit/534.20 (KHTML, like Gecko) Chrome/11.0.672.2 Safari/534.20"
69.141.198.208 - - [18/Feb/2011:18:32:51 -0500] "GET /favicon.ico HTTP/1.1" 404 - "-" "Mozilla/5.0 (Macintosh; U; Intel Mac OS X 10_6_6; en-US) AppleWebKit/534.20 (KHTML, like Gecko) Chrome/11.0.672.2 Safari/534.20"
69.141.198.208 - - [18/Feb/2011:18:32:53 -0500] "GET /routes/json?_dc=1298072144265 HTTP/1.1" 200 3412 "http://septa.mics.me/" "Mozilla/5.0 (Macintosh; U; Intel Mac OS X 10_6_6; en-US) AppleWebKit/534.20 (KHTML, like Gecko) Chrome/11.0.672.2 Safari/534.20"
69.141.198.208 - - [18/Feb/2011:18:35:43 -0500] "GET / HTTP/1.1" 200 342 "-" "Mozilla/5.0 (Macintosh; U; Intel Mac OS X 10_6_6; en-US) AppleWebKit/534.20 (KHTML, like Gecko) Chrome/11.0.672.2 Safari/534.20"
69.141.198.208 - - [18/Feb/2011:18:35:44 -0500] "GET /js/AppViewport.js?1298072312 HTTP/1.1" 200 1235 "http://septa.mics.me/" "Mozilla/5.0 (Macintosh; U; Intel Mac OS X 10_6_6; en-US) AppleWebKit/534.20 (KHTML, like Gecko) Chrome/11.0.672.2 Safari/534.20"
69.141.198.208 - - [18/Feb/2011:18:35:44 -0500] "GET /js/index.js?1298068507 HTTP/1.1" 304 - "http://septa.mics.me/" "Mozilla/5.0 (Macintosh; U; Intel Mac OS X 10_6_6; en-US) AppleWebKit/534.20 (KHTML, like Gecko) Chrome/11.0.672.2 Safari/534.20"
69.141.198.208 - - [18/Feb/2011:18:35:44 -0500] "GET /jslib/touch/map/plugins/GmapTracker.js HTTP/1.1" 200 2092 "http://septa.mics.me/" "Mozilla/5.0 (Macintosh; U; Intel Mac OS X 10_6_6; en-US) AppleWebKit/534.20 (KHTML, like Gecko) Chrome/11.0.672.2 Safari/534.20"
69.141.198.208 - - [18/Feb/2011:18:35:44 -0500] "GET /jslib/touch/map/plugins/GmapTraffic.js HTTP/1.1" 200 536 "http://septa.mics.me/" "Mozilla/5.0 (Macintosh; U; Intel Mac OS X 10_6_6; en-US) AppleWebKit/534.20 (KHTML, like Gecko) Chrome/11.0.672.2 Safari/534.20"
69.141.198.208 - - [18/Feb/2011:18:35:44 -0500] "GET /jslib/sencha-touch/resources/css/sencha-touch.css HTTP/1.1" 200 54022 "http://septa.mics.me/" "Mozilla/5.0 (Macintosh; U; Intel Mac OS X 10_6_6; en-US) AppleWebKit/534.20 (KHTML, like Gecko) Chrome/11.0.672.2 Safari/534.20"
69.141.198.208 - - [18/Feb/2011:18:35:44 -0500] "GET /jslib/sencha-touch/sencha-touch.js HTTP/1.1" 200 100134 "http://septa.mics.me/" "Mozilla/5.0 (Macintosh; U; Intel Mac OS X 10_6_6; en-US) AppleWebKit/534.20 (KHTML, like Gecko) Chrome/11.0.672.2 Safari/534.20"
69.141.198.208 - - [18/Feb/2011:18:35:46 -0500] "GET /favicon.ico HTTP/1.1" 404 - "-" "Mozilla/5.0 (Macintosh; U; Intel Mac OS X 10_6_6; en-US) AppleWebKit/534.20 (KHTML, like Gecko) Chrome/11.0.672.2 Safari/534.20"
69.141.198.208 - - [18/Feb/2011:18:35:49 -0500] "GET /routes/json?_dc=1298072320753 HTTP/1.1" 200 3412 "http://septa.mics.me/" "Mozilla/5.0 (Macintosh; U; Intel Mac OS X 10_6_6; en-US) AppleWebKit/534.20 (KHTML, like Gecko) Chrome/11.0.672.2 Safari/534.20"
69.141.198.208 - - [18/Feb/2011:18:36:12 -0500] "GET / HTTP/1.1" 200 342 "-" "Mozilla/5.0 (Macintosh; U; Intel Mac OS X 10_6_6; en-US) AppleWebKit/534.20 (KHTML, like Gecko) Chrome/11.0.672.2 Safari/534.20"
69.141.198.208 - - [18/Feb/2011:18:36:12 -0500] "GET /js/AppViewport.js?1298072336 HTTP/1.1" 200 1235 "http://septa.mics.me/" "Mozilla/5.0 (Macintosh; U; Intel Mac OS X 10_6_6; en-US) AppleWebKit/534.20 (KHTML, like Gecko) Chrome/11.0.672.2 Safari/534.20"
69.141.198.208 - - [18/Feb/2011:18:36:12 -0500] "GET /js/index.js?1298068507 HTTP/1.1" 304 - "http://septa.mics.me/" "Mozilla/5.0 (Macintosh; U; Intel Mac OS X 10_6_6; en-US) AppleWebKit/534.20 (KHTML, like Gecko) Chrome/11.0.672.2 Safari/534.20"
69.141.198.208 - - [18/Feb/2011:18:36:12 -0500] "GET /jslib/touch/map/plugins/GmapTraffic.js HTTP/1.1" 200 536 "http://septa.mics.me/" "Mozilla/5.0 (Macintosh; U; Intel Mac OS X 10_6_6; en-US) AppleWebKit/534.20 (KHTML, like Gecko) Chrome/11.0.672.2 Safari/534.20"
69.141.198.208 - - [18/Feb/2011:18:36:12 -0500] "GET /jslib/touch/map/plugins/GmapTracker.js HTTP/1.1" 200 2092 "http://septa.mics.me/" "Mozilla/5.0 (Macintosh; U; Intel Mac OS X 10_6_6; en-US) AppleWebKit/534.20 (KHTML, like Gecko) Chrome/11.0.672.2 Safari/534.20"
69.141.198.208 - - [18/Feb/2011:18:36:12 -0500] "GET /jslib/sencha-touch/resources/css/sencha-touch.css HTTP/1.1" 200 54022 "http://septa.mics.me/" "Mozilla/5.0 (Macintosh; U; Intel Mac OS X 10_6_6; en-US) AppleWebKit/534.20 (KHTML, like Gecko) Chrome/11.0.672.2 Safari/534.20"
69.141.198.208 - - [18/Feb/2011:18:36:12 -0500] "GET /jslib/sencha-touch/sencha-touch.js HTTP/1.1" 200 100134 "http://septa.mics.me/" "Mozilla/5.0 (Macintosh; U; Intel Mac OS X 10_6_6; en-US) AppleWebKit/534.20 (KHTML, like Gecko) Chrome/11.0.672.2 Safari/534.20"
69.141.198.208 - - [18/Feb/2011:18:36:14 -0500] "GET /favicon.ico HTTP/1.1" 404 - "-" "Mozilla/5.0 (Macintosh; U; Intel Mac OS X 10_6_6; en-US) AppleWebKit/534.20 (KHTML, like Gecko) Chrome/11.0.672.2 Safari/534.20"
69.141.198.208 - - [18/Feb/2011:18:36:15 -0500] "GET /routes/json?_dc=1298072347166 HTTP/1.1" 200 3412 "http://septa.mics.me/" "Mozilla/5.0 (Macintosh; U; Intel Mac OS X 10_6_6; en-US) AppleWebKit/534.20 (KHTML, like Gecko) Chrome/11.0.672.2 Safari/534.20"
69.141.198.208 - - [18/Feb/2011:18:39:24 -0500] "GET / HTTP/1.1" 200 342 "-" "Mozilla/5.0 (Macintosh; U; Intel Mac OS X 10_6_6; en-US) AppleWebKit/534.20 (KHTML, like Gecko) Chrome/11.0.672.2 Safari/534.20"
69.141.198.208 - - [18/Feb/2011:18:39:24 -0500] "GET /js/AppViewport.js?1298072534 HTTP/1.1" 200 1306 "http://septa.mics.me/" "Mozilla/5.0 (Macintosh; U; Intel Mac OS X 10_6_6; en-US) AppleWebKit/534.20 (KHTML, like Gecko) Chrome/11.0.672.2 Safari/534.20"
69.141.198.208 - - [18/Feb/2011:18:39:24 -0500] "GET /js/index.js?1298068507 HTTP/1.1" 304 - "http://septa.mics.me/" "Mozilla/5.0 (Macintosh; U; Intel Mac OS X 10_6_6; en-US) AppleWebKit/534.20 (KHTML, like Gecko) Chrome/11.0.672.2 Safari/534.20"
69.141.198.208 - - [18/Feb/2011:18:39:24 -0500] "GET /jslib/touch/map/plugins/GmapTracker.js HTTP/1.1" 200 2092 "http://septa.mics.me/" "Mozilla/5.0 (Macintosh; U; Intel Mac OS X 10_6_6; en-US) AppleWebKit/534.20 (KHTML, like Gecko) Chrome/11.0.672.2 Safari/534.20"
69.141.198.208 - - [18/Feb/2011:18:39:24 -0500] "GET /jslib/touch/map/plugins/GmapTraffic.js HTTP/1.1" 200 536 "http://septa.mics.me/" "Mozilla/5.0 (Macintosh; U; Intel Mac OS X 10_6_6; en-US) AppleWebKit/534.20 (KHTML, like Gecko) Chrome/11.0.672.2 Safari/534.20"
69.141.198.208 - - [18/Feb/2011:18:39:24 -0500] "GET /jslib/sencha-touch/resources/css/sencha-touch.css HTTP/1.1" 200 54022 "http://septa.mics.me/" "Mozilla/5.0 (Macintosh; U; Intel Mac OS X 10_6_6; en-US) AppleWebKit/534.20 (KHTML, like Gecko) Chrome/11.0.672.2 Safari/534.20"
69.141.198.208 - - [18/Feb/2011:18:39:24 -0500] "GET /jslib/sencha-touch/sencha-touch.js HTTP/1.1" 200 100134 "http://septa.mics.me/" "Mozilla/5.0 (Macintosh; U; Intel Mac OS X 10_6_6; en-US) AppleWebKit/534.20 (KHTML, like Gecko) Chrome/11.0.672.2 Safari/534.20"
69.141.198.208 - - [18/Feb/2011:18:39:27 -0500] "GET /favicon.ico HTTP/1.1" 404 - "-" "Mozilla/5.0 (Macintosh; U; Intel Mac OS X 10_6_6; en-US) AppleWebKit/534.20 (KHTML, like Gecko) Chrome/11.0.672.2 Safari/534.20"
69.141.198.208 - - [18/Feb/2011:18:39:29 -0500] "GET /routes/json?_dc=1298072539595 HTTP/1.1" 200 3412 "http://septa.mics.me/" "Mozilla/5.0 (Macintosh; U; Intel Mac OS X 10_6_6; en-US) AppleWebKit/534.20 (KHTML, like Gecko) Chrome/11.0.672.2 Safari/534.20"
69.141.198.208 - - [18/Feb/2011:18:40:17 -0500] "GET / HTTP/1.1" 200 341 "-" "Mozilla/5.0 (Macintosh; U; Intel Mac OS X 10_6_6; en-US) AppleWebKit/534.20 (KHTML, like Gecko) Chrome/11.0.672.2 Safari/534.20"
69.141.198.208 - - [18/Feb/2011:18:40:18 -0500] "GET /js/AppViewport.js?1298072588 HTTP/1.1" 200 1308 "http://septa.mics.me/" "Mozilla/5.0 (Macintosh; U; Intel Mac OS X 10_6_6; en-US) AppleWebKit/534.20 (KHTML, like Gecko) Chrome/11.0.672.2 Safari/534.20"
69.141.198.208 - - [18/Feb/2011:18:40:18 -0500] "GET /js/index.js?1298068507 HTTP/1.1" 304 - "http://septa.mics.me/" "Mozilla/5.0 (Macintosh; U; Intel Mac OS X 10_6_6; en-US) AppleWebKit/534.20 (KHTML, like Gecko) Chrome/11.0.672.2 Safari/534.20"
69.141.198.208 - - [18/Feb/2011:18:40:18 -0500] "GET /jslib/touch/map/plugins/GmapTracker.js HTTP/1.1" 200 2092 "http://septa.mics.me/" "Mozilla/5.0 (Macintosh; U; Intel Mac OS X 10_6_6; en-US) AppleWebKit/534.20 (KHTML, like Gecko) Chrome/11.0.672.2 Safari/534.20"
69.141.198.208 - - [18/Feb/2011:18:40:18 -0500] "GET /jslib/touch/map/plugins/GmapTraffic.js HTTP/1.1" 200 536 "http://septa.mics.me/" "Mozilla/5.0 (Macintosh; U; Intel Mac OS X 10_6_6; en-US) AppleWebKit/534.20 (KHTML, like Gecko) Chrome/11.0.672.2 Safari/534.20"
69.141.198.208 - - [18/Feb/2011:18:40:18 -0500] "GET /jslib/sencha-touch/resources/css/sencha-touch.css HTTP/1.1" 200 54022 "http://septa.mics.me/" "Mozilla/5.0 (Macintosh; U; Intel Mac OS X 10_6_6; en-US) AppleWebKit/534.20 (KHTML, like Gecko) Chrome/11.0.672.2 Safari/534.20"
69.141.198.208 - - [18/Feb/2011:18:40:18 -0500] "GET /jslib/sencha-touch/sencha-touch.js HTTP/1.1" 200 100134 "http://septa.mics.me/" "Mozilla/5.0 (Macintosh; U; Intel Mac OS X 10_6_6; en-US) AppleWebKit/534.20 (KHTML, like Gecko) Chrome/11.0.672.2 Safari/534.20"
69.141.198.208 - - [18/Feb/2011:18:40:20 -0500] "GET /favicon.ico HTTP/1.1" 404 - "-" "Mozilla/5.0 (Macintosh; U; Intel Mac OS X 10_6_6; en-US) AppleWebKit/534.20 (KHTML, like Gecko) Chrome/11.0.672.2 Safari/534.20"
69.141.198.208 - - [18/Feb/2011:18:40:21 -0500] "GET /routes/json?_dc=1298072593178 HTTP/1.1" 200 3412 "http://septa.mics.me/" "Mozilla/5.0 (Macintosh; U; Intel Mac OS X 10_6_6; en-US) AppleWebKit/534.20 (KHTML, like Gecko) Chrome/11.0.672.2 Safari/534.20"
69.141.198.208 - - [18/Feb/2011:18:41:07 -0500] "GET / HTTP/1.1" 200 342 "-" "Mozilla/5.0 (Macintosh; U; Intel Mac OS X 10_6_6; en-US) AppleWebKit/534.20 (KHTML, like Gecko) Chrome/11.0.672.2 Safari/534.20"
69.141.198.208 - - [18/Feb/2011:18:41:08 -0500] "GET /js/AppViewport.js?1298072638 HTTP/1.1" 200 1327 "http://septa.mics.me/" "Mozilla/5.0 (Macintosh; U; Intel Mac OS X 10_6_6; en-US) AppleWebKit/534.20 (KHTML, like Gecko) Chrome/11.0.672.2 Safari/534.20"
69.141.198.208 - - [18/Feb/2011:18:41:08 -0500] "GET /js/index.js?1298068507 HTTP/1.1" 304 - "http://septa.mics.me/" "Mozilla/5.0 (Macintosh; U; Intel Mac OS X 10_6_6; en-US) AppleWebKit/534.20 (KHTML, like Gecko) Chrome/11.0.672.2 Safari/534.20"
69.141.198.208 - - [18/Feb/2011:18:41:08 -0500] "GET /jslib/touch/map/plugins/GmapTraffic.js HTTP/1.1" 200 536 "http://septa.mics.me/" "Mozilla/5.0 (Macintosh; U; Intel Mac OS X 10_6_6; en-US) AppleWebKit/534.20 (KHTML, like Gecko) Chrome/11.0.672.2 Safari/534.20"
69.141.198.208 - - [18/Feb/2011:18:41:08 -0500] "GET /jslib/touch/map/plugins/GmapTracker.js HTTP/1.1" 200 2092 "http://septa.mics.me/" "Mozilla/5.0 (Macintosh; U; Intel Mac OS X 10_6_6; en-US) AppleWebKit/534.20 (KHTML, like Gecko) Chrome/11.0.672.2 Safari/534.20"
69.141.198.208 - - [18/Feb/2011:18:41:08 -0500] "GET /jslib/sencha-touch/resources/css/sencha-touch.css HTTP/1.1" 200 54022 "http://septa.mics.me/" "Mozilla/5.0 (Macintosh; U; Intel Mac OS X 10_6_6; en-US) AppleWebKit/534.20 (KHTML, like Gecko) Chrome/11.0.672.2 Safari/534.20"
69.141.198.208 - - [18/Feb/2011:18:41:08 -0500] "GET /jslib/sencha-touch/sencha-touch.js HTTP/1.1" 200 100134 "http://septa.mics.me/" "Mozilla/5.0 (Macintosh; U; Intel Mac OS X 10_6_6; en-US) AppleWebKit/534.20 (KHTML, like Gecko) Chrome/11.0.672.2 Safari/534.20"
69.141.198.208 - - [18/Feb/2011:18:41:11 -0500] "GET /favicon.ico HTTP/1.1" 404 - "-" "Mozilla/5.0 (Macintosh; U; Intel Mac OS X 10_6_6; en-US) AppleWebKit/534.20 (KHTML, like Gecko) Chrome/11.0.672.2 Safari/534.20"
69.141.198.208 - - [18/Feb/2011:18:41:12 -0500] "GET /routes/json?_dc=1298072644112 HTTP/1.1" 200 3412 "http://septa.mics.me/" "Mozilla/5.0 (Macintosh; U; Intel Mac OS X 10_6_6; en-US) AppleWebKit/534.20 (KHTML, like Gecko) Chrome/11.0.672.2 Safari/534.20"
69.141.198.208 - - [18/Feb/2011:18:42:13 -0500] "GET / HTTP/1.1" 200 342 "-" "Mozilla/5.0 (Macintosh; U; Intel Mac OS X 10_6_6; en-US) AppleWebKit/534.20 (KHTML, like Gecko) Chrome/11.0.672.2 Safari/534.20"
69.141.198.208 - - [18/Feb/2011:18:42:14 -0500] "GET /js/AppViewport.js?1298072701 HTTP/1.1" 200 1335 "http://septa.mics.me/" "Mozilla/5.0 (Macintosh; U; Intel Mac OS X 10_6_6; en-US) AppleWebKit/534.20 (KHTML, like Gecko) Chrome/11.0.672.2 Safari/534.20"
69.141.198.208 - - [18/Feb/2011:18:42:14 -0500] "GET /js/index.js?1298068507 HTTP/1.1" 304 - "http://septa.mics.me/" "Mozilla/5.0 (Macintosh; U; Intel Mac OS X 10_6_6; en-US) AppleWebKit/534.20 (KHTML, like Gecko) Chrome/11.0.672.2 Safari/534.20"
69.141.198.208 - - [18/Feb/2011:18:42:14 -0500] "GET /jslib/touch/map/plugins/GmapTracker.js HTTP/1.1" 200 2092 "http://septa.mics.me/" "Mozilla/5.0 (Macintosh; U; Intel Mac OS X 10_6_6; en-US) AppleWebKit/534.20 (KHTML, like Gecko) Chrome/11.0.672.2 Safari/534.20"
69.141.198.208 - - [18/Feb/2011:18:42:14 -0500] "GET /jslib/touch/map/plugins/GmapTraffic.js HTTP/1.1" 200 536 "http://septa.mics.me/" "Mozilla/5.0 (Macintosh; U; Intel Mac OS X 10_6_6; en-US) AppleWebKit/534.20 (KHTML, like Gecko) Chrome/11.0.672.2 Safari/534.20"
69.141.198.208 - - [18/Feb/2011:18:42:14 -0500] "GET /jslib/sencha-touch/resources/css/sencha-touch.css HTTP/1.1" 200 54022 "http://septa.mics.me/" "Mozilla/5.0 (Macintosh; U; Intel Mac OS X 10_6_6; en-US) AppleWebKit/534.20 (KHTML, like Gecko) Chrome/11.0.672.2 Safari/534.20"
69.141.198.208 - - [18/Feb/2011:18:42:14 -0500] "GET /jslib/sencha-touch/sencha-touch.js HTTP/1.1" 200 100134 "http://septa.mics.me/" "Mozilla/5.0 (Macintosh; U; Intel Mac OS X 10_6_6; en-US) AppleWebKit/534.20 (KHTML, like Gecko) Chrome/11.0.672.2 Safari/534.20"
69.141.198.208 - - [18/Feb/2011:18:42:16 -0500] "GET /favicon.ico HTTP/1.1" 404 - "-" "Mozilla/5.0 (Macintosh; U; Intel Mac OS X 10_6_6; en-US) AppleWebKit/534.20 (KHTML, like Gecko) Chrome/11.0.672.2 Safari/534.20"
69.141.198.208 - - [18/Feb/2011:18:42:17 -0500] "GET /routes/json?_dc=1298072709160 HTTP/1.1" 200 3412 "http://septa.mics.me/" "Mozilla/5.0 (Macintosh; U; Intel Mac OS X 10_6_6; en-US) AppleWebKit/534.20 (KHTML, like Gecko) Chrome/11.0.672.2 Safari/534.20"
69.141.198.208 - - [18/Feb/2011:18:42:24 -0500] "GET /jslib/touch/map/point.png HTTP/1.1" 200 1002 "http://septa.mics.me/" "Mozilla/5.0 (Macintosh; U; Intel Mac OS X 10_6_6; en-US) AppleWebKit/534.20 (KHTML, like Gecko) Chrome/11.0.672.2 Safari/534.20"
69.141.198.208 - - [18/Feb/2011:18:42:24 -0500] "GET /jslib/touch/map/point.png HTTP/1.1" 200 1002 "http://septa.mics.me/" "Mozilla/5.0 (Macintosh; U; Intel Mac OS X 10_6_6; en-US) AppleWebKit/534.20 (KHTML, like Gecko) Chrome/11.0.672.2 Safari/534.20"
208.54.90.57 - - [18/Feb/2011:18:42:37 -0500] "GET / HTTP/1.1" 200 342 "-" "Mozilla/5.0 (Linux; U; Android 2.2; en-us; T-Mobile G2 Build/FRF91) AppleWebKit/533.1(KHTML, like Gecko) Version/4.0 Mobile Safari/533.1"
208.54.90.57 - - [18/Feb/2011:18:42:37 -0500] "GET /jslib/sencha-touch/resources/css/sencha-touch.css HTTP/1.1" 200 54022 "http://septa.mics.me/" "Mozilla/5.0 (Linux; U; Android 2.2; en-us; T-Mobile G2 Build/FRF91) AppleWebKit/533.1(KHTML, like Gecko) Version/4.0 Mobile Safari/533.1"
208.54.90.57 - - [18/Feb/2011:18:42:37 -0500] "GET /jslib/touch/map/plugins/GmapTracker.js HTTP/1.1" 200 2092 "http://septa.mics.me/" "Mozilla/5.0 (Linux; U; Android 2.2; en-us; T-Mobile G2 Build/FRF91) AppleWebKit/533.1(KHTML, like Gecko) Version/4.0 Mobile Safari/533.1"
208.54.90.73 - - [18/Feb/2011:18:42:38 -0500] "GET /jslib/touch/map/plugins/GmapTraffic.js HTTP/1.1" 200 536 "http://septa.mics.me/" "Mozilla/5.0 (Linux; U; Android 2.2; en-us; T-Mobile G2 Build/FRF91) AppleWebKit/533.1(KHTML, like Gecko) Version/4.0 Mobile Safari/533.1"
208.54.90.57 - - [18/Feb/2011:18:42:38 -0500] "GET /js/AppViewport.js?1298072701 HTTP/1.1" 200 1335 "http://septa.mics.me/" "Mozilla/5.0 (Linux; U; Android 2.2; en-us; T-Mobile G2 Build/FRF91) AppleWebKit/533.1(KHTML, like Gecko) Version/4.0 Mobile Safari/533.1"
208.54.90.57 - - [18/Feb/2011:18:42:37 -0500] "GET /jslib/sencha-touch/sencha-touch.js HTTP/1.1" 200 100134 "http://septa.mics.me/" "Mozilla/5.0 (Linux; U; Android 2.2; en-us; T-Mobile G2 Build/FRF91) AppleWebKit/533.1(KHTML, like Gecko) Version/4.0 Mobile Safari/533.1"
208.54.90.57 - - [18/Feb/2011:18:42:38 -0500] "GET /js/index.js?1298068507 HTTP/1.1" 200 181 "http://septa.mics.me/" "Mozilla/5.0 (Linux; U; Android 2.2; en-us; T-Mobile G2 Build/FRF91) AppleWebKit/533.1(KHTML, like Gecko) Version/4.0 Mobile Safari/533.1"
208.54.90.73 - - [18/Feb/2011:18:42:39 -0500] "GET /favicon.ico HTTP/1.1" 404 - "http://septa.mics.me/" "Mozilla/5.0 (Linux; U; Android 2.2; en-us; T-Mobile G2 Build/FRF91) AppleWebKit/533.1(KHTML, like Gecko) Version/4.0 Mobile Safari/533.1"
208.54.90.73 - - [18/Feb/2011:18:42:41 -0500] "GET /routes/json?_dc=1298072731596 HTTP/1.1" 200 3412 "http://septa.mics.me/" "Mozilla/5.0 (Linux; U; Android 2.2; en-us; T-Mobile G2 Build/FRF91) AppleWebKit/533.1(KHTML, like Gecko) Version/4.0 Mobile Safari/533.1"
173.113.254.20 - - [18/Feb/2011:18:42:54 -0500] "GET / HTTP/1.1" 200 342 "-" "Mozilla/5.0 (Linux; U; Android 2.2.1; en-us; LS670 Build/ZVC) AppleWebKit/533.1 (KHTML, like Gecko) Version/4.0 Mobile Safari/533.1"
173.113.254.20 - - [18/Feb/2011:18:42:55 -0500] "GET /jslib/touch/map/plugins/GmapTracker.js HTTP/1.1" 200 2092 "http://septa.mics.me/" "Mozilla/5.0 (Linux; U; Android 2.2.1; en-us; LS670 Build/ZVC) AppleWebKit/533.1 (KHTML, like Gecko) Version/4.0 Mobile Safari/533.1"
173.113.254.20 - - [18/Feb/2011:18:42:55 -0500] "GET /js/AppViewport.js?1298072701 HTTP/1.1" 200 1335 "http://septa.mics.me/" "Mozilla/5.0 (Linux; U; Android 2.2.1; en-us; LS670 Build/ZVC) AppleWebKit/533.1 (KHTML, like Gecko) Version/4.0 Mobile Safari/533.1"
173.113.254.20 - - [18/Feb/2011:18:42:55 -0500] "GET /js/index.js?1298068507 HTTP/1.1" 200 181 "http://septa.mics.me/" "Mozilla/5.0 (Linux; U; Android 2.2.1; en-us; LS670 Build/ZVC) AppleWebKit/533.1 (KHTML, like Gecko) Version/4.0 Mobile Safari/533.1"
173.113.254.20 - - [18/Feb/2011:18:42:55 -0500] "GET /jslib/sencha-touch/resources/css/sencha-touch.css HTTP/1.1" 200 54022 "http://septa.mics.me/" "Mozilla/5.0 (Linux; U; Android 2.2.1; en-us; LS670 Build/ZVC) AppleWebKit/533.1 (KHTML, like Gecko) Version/4.0 Mobile Safari/533.1"
173.113.254.20 - - [18/Feb/2011:18:42:56 -0500] "GET /jslib/touch/map/plugins/GmapTraffic.js HTTP/1.1" 200 536 "http://septa.mics.me/" "Mozilla/5.0 (Linux; U; Android 2.2.1; en-us; LS670 Build/ZVC) AppleWebKit/533.1 (KHTML, like Gecko) Version/4.0 Mobile Safari/533.1"
173.113.254.20 - - [18/Feb/2011:18:42:55 -0500] "GET /jslib/sencha-touch/sencha-touch.js HTTP/1.1" 200 100134 "http://septa.mics.me/" "Mozilla/5.0 (Linux; U; Android 2.2.1; en-us; LS670 Build/ZVC) AppleWebKit/533.1 (KHTML, like Gecko) Version/4.0 Mobile Safari/533.1"
208.54.90.57 - - [18/Feb/2011:18:42:58 -0500] "GET /jslib/touch/map/point.png HTTP/1.1" 200 1002 "http://septa.mics.me/" "Mozilla/5.0 (Linux; U; Android 2.2; en-us; T-Mobile G2 Build/FRF91) AppleWebKit/533.1(KHTML, like Gecko) Version/4.0 Mobile Safari/533.1"
173.113.254.20 - - [18/Feb/2011:18:43:00 -0500] "GET /favicon.ico HTTP/1.1" 404 - "http://septa.mics.me/" "Mozilla/5.0 (Linux; U; Android 2.2.1; en-us; LS670 Build/ZVC) AppleWebKit/533.1 (KHTML, like Gecko) Version/4.0 Mobile Safari/533.1"
208.54.90.57 - - [18/Feb/2011:18:43:01 -0500] "GET /jslib/touch/map/point.png HTTP/1.1" 200 1002 "-" "Mozilla/5.0 (Linux; U; Android 2.2; en-us; T-Mobile G2 Build/FRF91) AppleWebKit/533.1(KHTML, like Gecko) Version/4.0 Mobile Safari/533.1"
173.113.254.20 - - [18/Feb/2011:18:43:03 -0500] "GET /routes/json?_dc=1298072769320 HTTP/1.1" 200 3412 "http://septa.mics.me/" "Mozilla/5.0 (Linux; U; Android 2.2.1; en-us; LS670 Build/ZVC) AppleWebKit/533.1 (KHTML, like Gecko) Version/4.0 Mobile Safari/533.1"
208.54.90.57 - - [18/Feb/2011:18:43:06 -0500] "GET /jslib/touch/map/point.png HTTP/1.1" 200 1002 "http://septa.mics.me/" "Mozilla/5.0 (Linux; U; Android 2.2; en-us; T-Mobile G2 Build/FRF91) AppleWebKit/533.1(KHTML, like Gecko) Version/4.0 Mobile Safari/533.1"
173.113.254.20 - - [18/Feb/2011:18:43:20 -0500] "GET / HTTP/1.1" 200 342 "-" "Mozilla/5.0 (Linux; U; Android 2.2.1; en-us; LS670 Build/ZVC) AppleWebKit/533.1 (KHTML, like Gecko) Version/4.0 Mobile Safari/533.1"
173.113.254.20 - - [18/Feb/2011:18:43:21 -0500] "GET /jslib/touch/map/plugins/GmapTracker.js HTTP/1.1" 200 2092 "http://septa.mics.me/" "Mozilla/5.0 (Linux; U; Android 2.2.1; en-us; LS670 Build/ZVC) AppleWebKit/533.1 (KHTML, like Gecko) Version/4.0 Mobile Safari/533.1"
173.113.254.20 - - [18/Feb/2011:18:43:21 -0500] "GET /js/AppViewport.js?1298072701 HTTP/1.1" 200 1335 "http://septa.mics.me/" "Mozilla/5.0 (Linux; U; Android 2.2.1; en-us; LS670 Build/ZVC) AppleWebKit/533.1 (KHTML, like Gecko) Version/4.0 Mobile Safari/533.1"
173.113.254.20 - - [18/Feb/2011:18:43:21 -0500] "GET /js/index.js?1298068507 HTTP/1.1" 200 181 "http://septa.mics.me/" "Mozilla/5.0 (Linux; U; Android 2.2.1; en-us; LS670 Build/ZVC) AppleWebKit/533.1 (KHTML, like Gecko) Version/4.0 Mobile Safari/533.1"
173.113.254.20 - - [18/Feb/2011:18:43:20 -0500] "GET /jslib/sencha-touch/resources/css/sencha-touch.css HTTP/1.1" 200 54022 "http://septa.mics.me/" "Mozilla/5.0 (Linux; U; Android 2.2.1; en-us; LS670 Build/ZVC) AppleWebKit/533.1 (KHTML, like Gecko) Version/4.0 Mobile Safari/533.1"
173.113.254.20 - - [18/Feb/2011:18:43:21 -0500] "GET /jslib/touch/map/plugins/GmapTraffic.js HTTP/1.1" 200 536 "http://septa.mics.me/" "Mozilla/5.0 (Linux; U; Android 2.2.1; en-us; LS670 Build/ZVC) AppleWebKit/533.1 (KHTML, like Gecko) Version/4.0 Mobile Safari/533.1"
173.113.254.20 - - [18/Feb/2011:18:43:21 -0500] "GET /jslib/sencha-touch/sencha-touch.js HTTP/1.1" 200 100134 "http://septa.mics.me/" "Mozilla/5.0 (Linux; U; Android 2.2.1; en-us; LS670 Build/ZVC) AppleWebKit/533.1 (KHTML, like Gecko) Version/4.0 Mobile Safari/533.1"
173.113.254.20 - - [18/Feb/2011:18:43:27 -0500] "GET /favicon.ico HTTP/1.1" 404 - "http://septa.mics.me/" "Mozilla/5.0 (Linux; U; Android 2.2.1; en-us; LS670 Build/ZVC) AppleWebKit/533.1 (KHTML, like Gecko) Version/4.0 Mobile Safari/533.1"
173.113.254.20 - - [18/Feb/2011:18:43:31 -0500] "GET /routes/json?_dc=1298072797133 HTTP/1.1" 200 3412 "http://septa.mics.me/" "Mozilla/5.0 (Linux; U; Android 2.2.1; en-us; LS670 Build/ZVC) AppleWebKit/533.1 (KHTML, like Gecko) Version/4.0 Mobile Safari/533.1"
173.113.254.20 - - [18/Feb/2011:18:43:50 -0500] "GET / HTTP/1.1" 200 342 "-" "Mozilla/5.0 (Linux; U; Android 2.2.1; en-us; LS670 Build/ZVC) AppleWebKit/533.1 (KHTML, like Gecko) Version/4.0 Mobile Safari/533.1"
173.113.254.20 - - [18/Feb/2011:18:43:51 -0500] "GET /jslib/touch/map/plugins/GmapTracker.js HTTP/1.1" 200 2092 "http://septa.mics.me/" "Mozilla/5.0 (Linux; U; Android 2.2.1; en-us; LS670 Build/ZVC) AppleWebKit/533.1 (KHTML, like Gecko) Version/4.0 Mobile Safari/533.1"
173.113.254.20 - - [18/Feb/2011:18:43:51 -0500] "GET /js/AppViewport.js?1298072701 HTTP/1.1" 200 1335 "http://septa.mics.me/" "Mozilla/5.0 (Linux; U; Android 2.2.1; en-us; LS670 Build/ZVC) AppleWebKit/533.1 (KHTML, like Gecko) Version/4.0 Mobile Safari/533.1"
173.113.254.20 - - [18/Feb/2011:18:43:51 -0500] "GET /js/index.js?1298068507 HTTP/1.1" 200 181 "http://septa.mics.me/" "Mozilla/5.0 (Linux; U; Android 2.2.1; en-us; LS670 Build/ZVC) AppleWebKit/533.1 (KHTML, like Gecko) Version/4.0 Mobile Safari/533.1"
173.113.254.20 - - [18/Feb/2011:18:43:50 -0500] "GET /jslib/sencha-touch/resources/css/sencha-touch.css HTTP/1.1" 200 54022 "http://septa.mics.me/" "Mozilla/5.0 (Linux; U; Android 2.2.1; en-us; LS670 Build/ZVC) AppleWebKit/533.1 (KHTML, like Gecko) Version/4.0 Mobile Safari/533.1"
173.113.254.20 - - [18/Feb/2011:18:43:51 -0500] "GET /jslib/touch/map/plugins/GmapTraffic.js HTTP/1.1" 200 536 "http://septa.mics.me/" "Mozilla/5.0 (Linux; U; Android 2.2.1; en-us; LS670 Build/ZVC) AppleWebKit/533.1 (KHTML, like Gecko) Version/4.0 Mobile Safari/533.1"
173.113.254.20 - - [18/Feb/2011:18:43:51 -0500] "GET /jslib/sencha-touch/sencha-touch.js HTTP/1.1" 200 100134 "http://septa.mics.me/" "Mozilla/5.0 (Linux; U; Android 2.2.1; en-us; LS670 Build/ZVC) AppleWebKit/533.1 (KHTML, like Gecko) Version/4.0 Mobile Safari/533.1"
173.113.254.20 - - [18/Feb/2011:18:43:55 -0500] "GET /favicon.ico HTTP/1.1" 404 - "http://septa.mics.me/" "Mozilla/5.0 (Linux; U; Android 2.2.1; en-us; LS670 Build/ZVC) AppleWebKit/533.1 (KHTML, like Gecko) Version/4.0 Mobile Safari/533.1"
69.141.198.208 - - [18/Feb/2011:18:43:59 -0500] "GET / HTTP/1.1" 200 342 "-" "Mozilla/5.0 (Macintosh; U; Intel Mac OS X 10_6_6; en-US) AppleWebKit/534.20 (KHTML, like Gecko) Chrome/11.0.672.2 Safari/534.20"
173.113.254.20 - - [18/Feb/2011:18:43:59 -0500] "GET /routes/json?_dc=1298072825280 HTTP/1.1" 200 3412 "http://septa.mics.me/" "Mozilla/5.0 (Linux; U; Android 2.2.1; en-us; LS670 Build/ZVC) AppleWebKit/533.1 (KHTML, like Gecko) Version/4.0 Mobile Safari/533.1"
69.141.198.208 - - [18/Feb/2011:18:43:59 -0500] "GET /jslib/touch/map/plugins/GmapTracker.js HTTP/1.1" 200 2092 "http://septa.mics.me/" "Mozilla/5.0 (Macintosh; U; Intel Mac OS X 10_6_6; en-US) AppleWebKit/534.20 (KHTML, like Gecko) Chrome/11.0.672.2 Safari/534.20"
69.141.198.208 - - [18/Feb/2011:18:43:59 -0500] "GET /js/AppViewport.js?1298072809 HTTP/1.1" 200 1333 "http://septa.mics.me/" "Mozilla/5.0 (Macintosh; U; Intel Mac OS X 10_6_6; en-US) AppleWebKit/534.20 (KHTML, like Gecko) Chrome/11.0.672.2 Safari/534.20"
69.141.198.208 - - [18/Feb/2011:18:43:59 -0500] "GET /js/index.js?1298068507 HTTP/1.1" 304 - "http://septa.mics.me/" "Mozilla/5.0 (Macintosh; U; Intel Mac OS X 10_6_6; en-US) AppleWebKit/534.20 (KHTML, like Gecko) Chrome/11.0.672.2 Safari/534.20"
69.141.198.208 - - [18/Feb/2011:18:43:59 -0500] "GET /jslib/touch/map/plugins/GmapTraffic.js HTTP/1.1" 200 536 "http://septa.mics.me/" "Mozilla/5.0 (Macintosh; U; Intel Mac OS X 10_6_6; en-US) AppleWebKit/534.20 (KHTML, like Gecko) Chrome/11.0.672.2 Safari/534.20"
69.141.198.208 - - [18/Feb/2011:18:43:59 -0500] "GET /jslib/sencha-touch/resources/css/sencha-touch.css HTTP/1.1" 200 54022 "http://septa.mics.me/" "Mozilla/5.0 (Macintosh; U; Intel Mac OS X 10_6_6; en-US) AppleWebKit/534.20 (KHTML, like Gecko) Chrome/11.0.672.2 Safari/534.20"
69.141.198.208 - - [18/Feb/2011:18:43:59 -0500] "GET /jslib/sencha-touch/sencha-touch.js HTTP/1.1" 200 100134 "http://septa.mics.me/" "Mozilla/5.0 (Macintosh; U; Intel Mac OS X 10_6_6; en-US) AppleWebKit/534.20 (KHTML, like Gecko) Chrome/11.0.672.2 Safari/534.20"
69.141.198.208 - - [18/Feb/2011:18:44:02 -0500] "GET /favicon.ico HTTP/1.1" 404 - "-" "Mozilla/5.0 (Macintosh; U; Intel Mac OS X 10_6_6; en-US) AppleWebKit/534.20 (KHTML, like Gecko) Chrome/11.0.672.2 Safari/534.20"
69.141.198.208 - - [18/Feb/2011:18:44:03 -0500] "GET /routes/json?_dc=1298072814787 HTTP/1.1" 200 3412 "http://septa.mics.me/" "Mozilla/5.0 (Macintosh; U; Intel Mac OS X 10_6_6; en-US) AppleWebKit/534.20 (KHTML, like Gecko) Chrome/11.0.672.2 Safari/534.20"
173.113.254.20 - - [18/Feb/2011:18:44:16 -0500] "GET / HTTP/1.1" 200 342 "-" "Mozilla/5.0 (Linux; U; Android 2.2.1; en-us; LS670 Build/ZVC) AppleWebKit/533.1 (KHTML, like Gecko) Version/4.0 Mobile Safari/533.1"
173.113.254.20 - - [18/Feb/2011:18:44:17 -0500] "GET /jslib/touch/map/plugins/GmapTracker.js HTTP/1.1" 200 2092 "http://septa.mics.me/" "Mozilla/5.0 (Linux; U; Android 2.2.1; en-us; LS670 Build/ZVC) AppleWebKit/533.1 (KHTML, like Gecko) Version/4.0 Mobile Safari/533.1"
173.113.254.20 - - [18/Feb/2011:18:44:17 -0500] "GET /jslib/sencha-touch/resources/css/sencha-touch.css HTTP/1.1" 200 54022 "http://septa.mics.me/" "Mozilla/5.0 (Linux; U; Android 2.2.1; en-us; LS670 Build/ZVC) AppleWebKit/533.1 (KHTML, like Gecko) Version/4.0 Mobile Safari/533.1"
173.113.254.20 - - [18/Feb/2011:18:44:17 -0500] "GET /jslib/touch/map/plugins/GmapTraffic.js HTTP/1.1" 200 536 "http://septa.mics.me/" "Mozilla/5.0 (Linux; U; Android 2.2.1; en-us; LS670 Build/ZVC) AppleWebKit/533.1 (KHTML, like Gecko) Version/4.0 Mobile Safari/533.1"
173.113.254.20 - - [18/Feb/2011:18:44:18 -0500] "GET /js/AppViewport.js?1298072809 HTTP/1.1" 200 1333 "http://septa.mics.me/" "Mozilla/5.0 (Linux; U; Android 2.2.1; en-us; LS670 Build/ZVC) AppleWebKit/533.1 (KHTML, like Gecko) Version/4.0 Mobile Safari/533.1"
173.113.254.20 - - [18/Feb/2011:18:44:18 -0500] "GET /js/index.js?1298068507 HTTP/1.1" 200 181 "http://septa.mics.me/" "Mozilla/5.0 (Linux; U; Android 2.2.1; en-us; LS670 Build/ZVC) AppleWebKit/533.1 (KHTML, like Gecko) Version/4.0 Mobile Safari/533.1"
173.113.254.20 - - [18/Feb/2011:18:44:17 -0500] "GET /jslib/sencha-touch/sencha-touch.js HTTP/1.1" 200 100134 "http://septa.mics.me/" "Mozilla/5.0 (Linux; U; Android 2.2.1; en-us; LS670 Build/ZVC) AppleWebKit/533.1 (KHTML, like Gecko) Version/4.0 Mobile Safari/533.1"
173.113.254.20 - - [18/Feb/2011:18:44:21 -0500] "GET /favicon.ico HTTP/1.1" 404 - "http://septa.mics.me/" "Mozilla/5.0 (Linux; U; Android 2.2.1; en-us; LS670 Build/ZVC) AppleWebKit/533.1 (KHTML, like Gecko) Version/4.0 Mobile Safari/533.1"
173.113.254.20 - - [18/Feb/2011:18:44:25 -0500] "GET /routes/json?_dc=1298072851139 HTTP/1.1" 200 3412 "http://septa.mics.me/" "Mozilla/5.0 (Linux; U; Android 2.2.1; en-us; LS670 Build/ZVC) AppleWebKit/533.1 (KHTML, like Gecko) Version/4.0 Mobile Safari/533.1"
69.141.198.208 - - [18/Feb/2011:18:44:47 -0500] "GET /jslib/touch/map/point.png HTTP/1.1" 200 1002 "http://septa.mics.me/" "Mozilla/5.0 (Macintosh; U; Intel Mac OS X 10_6_6; en-US) AppleWebKit/534.20 (KHTML, like Gecko) Chrome/11.0.672.2 Safari/534.20"
69.141.198.208 - - [18/Feb/2011:18:44:48 -0500] "GET /jslib/touch/map/point.png HTTP/1.1" 200 1002 "http://septa.mics.me/" "Mozilla/5.0 (Macintosh; U; Intel Mac OS X 10_6_6; en-US) AppleWebKit/534.20 (KHTML, like Gecko) Chrome/11.0.672.2 Safari/534.20"
173.113.254.20 - - [18/Feb/2011:18:48:23 -0500] "GET / HTTP/1.1" 200 341 "-" "Mozilla/5.0 (Linux; U; Android 2.2.1; en-us; LS670 Build/ZVC) AppleWebKit/533.1 (KHTML, like Gecko) Version/4.0 Mobile Safari/533.1"
173.113.254.20 - - [18/Feb/2011:18:48:24 -0500] "GET /jslib/touch/map/plugins/GmapTracker.js HTTP/1.1" 200 2092 "http://septa.mics.me/" "Mozilla/5.0 (Linux; U; Android 2.2.1; en-us; LS670 Build/ZVC) AppleWebKit/533.1 (KHTML, like Gecko) Version/4.0 Mobile Safari/533.1"
173.113.254.20 - - [18/Feb/2011:18:48:24 -0500] "GET /jslib/sencha-touch/resources/css/sencha-touch.css HTTP/1.1" 200 54022 "http://septa.mics.me/" "Mozilla/5.0 (Linux; U; Android 2.2.1; en-us; LS670 Build/ZVC) AppleWebKit/533.1 (KHTML, like Gecko) Version/4.0 Mobile Safari/533.1"
173.113.254.20 - - [18/Feb/2011:18:48:25 -0500] "GET /js/AppViewport.js?1298072910 HTTP/1.1" 200 1367 "http://septa.mics.me/" "Mozilla/5.0 (Linux; U; Android 2.2.1; en-us; LS670 Build/ZVC) AppleWebKit/533.1 (KHTML, like Gecko) Version/4.0 Mobile Safari/533.1"
173.113.254.20 - - [18/Feb/2011:18:48:25 -0500] "GET /js/index.js?1298068507 HTTP/1.1" 200 181 "http://septa.mics.me/" "Mozilla/5.0 (Linux; U; Android 2.2.1; en-us; LS670 Build/ZVC) AppleWebKit/533.1 (KHTML, like Gecko) Version/4.0 Mobile Safari/533.1"
173.113.254.20 - - [18/Feb/2011:18:48:25 -0500] "GET /jslib/touch/map/plugins/GmapTraffic.js HTTP/1.1" 200 536 "http://septa.mics.me/" "Mozilla/5.0 (Linux; U; Android 2.2.1; en-us; LS670 Build/ZVC) AppleWebKit/533.1 (KHTML, like Gecko) Version/4.0 Mobile Safari/533.1"
173.113.254.20 - - [18/Feb/2011:18:48:25 -0500] "GET /jslib/sencha-touch/sencha-touch.js HTTP/1.1" 200 100134 "http://septa.mics.me/" "Mozilla/5.0 (Linux; U; Android 2.2.1; en-us; LS670 Build/ZVC) AppleWebKit/533.1 (KHTML, like Gecko) Version/4.0 Mobile Safari/533.1"
173.113.254.20 - - [18/Feb/2011:18:48:31 -0500] "GET /favicon.ico HTTP/1.1" 404 - "http://septa.mics.me/" "Mozilla/5.0 (Linux; U; Android 2.2.1; en-us; LS670 Build/ZVC) AppleWebKit/533.1 (KHTML, like Gecko) Version/4.0 Mobile Safari/533.1"
173.113.254.20 - - [18/Feb/2011:18:48:35 -0500] "GET /routes/json?_dc=1298073101386 HTTP/1.1" 200 3412 "http://septa.mics.me/" "Mozilla/5.0 (Linux; U; Android 2.2.1; en-us; LS670 Build/ZVC) AppleWebKit/533.1 (KHTML, like Gecko) Version/4.0 Mobile Safari/533.1"
173.113.254.20 - - [18/Feb/2011:18:49:11 -0500] "GET /jslib/touch/map/point.png HTTP/1.1" 200 1002 "http://septa.mics.me/" "Mozilla/5.0 (Linux; U; Android 2.2.1; en-us; LS670 Build/ZVC) AppleWebKit/533.1 (KHTML, like Gecko) Version/4.0 Mobile Safari/533.1"
173.113.254.20 - - [18/Feb/2011:18:49:13 -0500] "GET /jslib/touch/map/point.png HTTP/1.1" 200 1002 "http://septa.mics.me/" "Mozilla/5.0 (Linux; U; Android 2.2.1; en-us; LS670 Build/ZVC) AppleWebKit/533.1 (KHTML, like Gecko) Version/4.0 Mobile Safari/533.1"
173.113.254.20 - - [18/Feb/2011:18:49:31 -0500] "GET /jslib/touch/map/point.png HTTP/1.1" 200 1002 "-" "Mozilla/5.0 (Linux; U; Android 2.2.1; en-us; LS670 Build/ZVC) AppleWebKit/533.1 (KHTML, like Gecko) Version/4.0 Mobile Safari/533.1"
69.141.198.208 - - [18/Feb/2011:18:52:39 -0500] "GET / HTTP/1.1" 200 341 "-" "Mozilla/5.0 (Macintosh; U; Intel Mac OS X 10_6_6; en-US) AppleWebKit/534.20 (KHTML, like Gecko) Chrome/11.0.672.2 Safari/534.20"
69.141.198.208 - - [18/Feb/2011:18:52:40 -0500] "GET /js/AppViewport.js?1298073327 HTTP/1.1" 200 1500 "http://septa.mics.me/" "Mozilla/5.0 (Macintosh; U; Intel Mac OS X 10_6_6; en-US) AppleWebKit/534.20 (KHTML, like Gecko) Chrome/11.0.672.2 Safari/534.20"
69.141.198.208 - - [18/Feb/2011:18:52:40 -0500] "GET /js/index.js?1298068507 HTTP/1.1" 304 - "http://septa.mics.me/" "Mozilla/5.0 (Macintosh; U; Intel Mac OS X 10_6_6; en-US) AppleWebKit/534.20 (KHTML, like Gecko) Chrome/11.0.672.2 Safari/534.20"
69.141.198.208 - - [18/Feb/2011:18:52:40 -0500] "GET /jslib/touch/map/plugins/GmapTracker.js HTTP/1.1" 200 2092 "http://septa.mics.me/" "Mozilla/5.0 (Macintosh; U; Intel Mac OS X 10_6_6; en-US) AppleWebKit/534.20 (KHTML, like Gecko) Chrome/11.0.672.2 Safari/534.20"
69.141.198.208 - - [18/Feb/2011:18:52:40 -0500] "GET /jslib/touch/map/plugins/GmapTraffic.js HTTP/1.1" 200 536 "http://septa.mics.me/" "Mozilla/5.0 (Macintosh; U; Intel Mac OS X 10_6_6; en-US) AppleWebKit/534.20 (KHTML, like Gecko) Chrome/11.0.672.2 Safari/534.20"
69.141.198.208 - - [18/Feb/2011:18:52:40 -0500] "GET /jslib/sencha-touch/resources/css/sencha-touch.css HTTP/1.1" 200 54022 "http://septa.mics.me/" "Mozilla/5.0 (Macintosh; U; Intel Mac OS X 10_6_6; en-US) AppleWebKit/534.20 (KHTML, like Gecko) Chrome/11.0.672.2 Safari/534.20"
69.141.198.208 - - [18/Feb/2011:18:52:40 -0500] "GET /jslib/sencha-touch/sencha-touch.js HTTP/1.1" 200 100134 "http://septa.mics.me/" "Mozilla/5.0 (Macintosh; U; Intel Mac OS X 10_6_6; en-US) AppleWebKit/534.20 (KHTML, like Gecko) Chrome/11.0.672.2 Safari/534.20"
69.141.198.208 - - [18/Feb/2011:18:52:42 -0500] "GET /favicon.ico HTTP/1.1" 404 - "-" "Mozilla/5.0 (Macintosh; U; Intel Mac OS X 10_6_6; en-US) AppleWebKit/534.20 (KHTML, like Gecko) Chrome/11.0.672.2 Safari/534.20"
69.141.198.208 - - [18/Feb/2011:18:52:43 -0500] "GET /routes/json?_dc=1298073335158 HTTP/1.1" 200 3412 "http://septa.mics.me/" "Mozilla/5.0 (Macintosh; U; Intel Mac OS X 10_6_6; en-US) AppleWebKit/534.20 (KHTML, like Gecko) Chrome/11.0.672.2 Safari/534.20"
69.141.198.208 - - [18/Feb/2011:18:53:13 -0500] "GET /img/bus_yellow.png HTTP/1.1" 200 582 "http://septa.mics.me/" "Mozilla/5.0 (Macintosh; U; Intel Mac OS X 10_6_6; en-US) AppleWebKit/534.20 (KHTML, like Gecko) Chrome/11.0.672.2 Safari/534.20"
69.141.198.208 - - [18/Feb/2011:18:53:13 -0500] "GET /img/bus_blue.png HTTP/1.1" 200 3212 "http://septa.mics.me/" "Mozilla/5.0 (Macintosh; U; Intel Mac OS X 10_6_6; en-US) AppleWebKit/534.20 (KHTML, like Gecko) Chrome/11.0.672.2 Safari/534.20"
69.141.198.208 - - [18/Feb/2011:18:53:13 -0500] "GET /img/bus_red.png HTTP/1.1" 200 3221 "http://septa.mics.me/" "Mozilla/5.0 (Macintosh; U; Intel Mac OS X 10_6_6; en-US) AppleWebKit/534.20 (KHTML, like Gecko) Chrome/11.0.672.2 Safari/534.20"
173.113.254.20 - - [18/Feb/2011:18:53:28 -0500] "GET / HTTP/1.1" 200 341 "-" "Mozilla/5.0 (Linux; U; Android 2.2.1; en-us; LS670 Build/ZVC) AppleWebKit/533.1 (KHTML, like Gecko) Version/4.0 Mobile Safari/533.1"
173.113.254.20 - - [18/Feb/2011:18:53:28 -0500] "GET /jslib/touch/map/plugins/GmapTracker.js HTTP/1.1" 200 2092 "http://septa.mics.me/" "Mozilla/5.0 (Linux; U; Android 2.2.1; en-us; LS670 Build/ZVC) AppleWebKit/533.1 (KHTML, like Gecko) Version/4.0 Mobile Safari/533.1"
173.113.254.20 - - [18/Feb/2011:18:53:29 -0500] "GET /js/AppViewport.js?1298073327 HTTP/1.1" 200 1500 "http://septa.mics.me/" "Mozilla/5.0 (Linux; U; Android 2.2.1; en-us; LS670 Build/ZVC) AppleWebKit/533.1 (KHTML, like Gecko) Version/4.0 Mobile Safari/533.1"
173.113.254.20 - - [18/Feb/2011:18:53:29 -0500] "GET /js/index.js?1298068507 HTTP/1.1" 200 181 "http://septa.mics.me/" "Mozilla/5.0 (Linux; U; Android 2.2.1; en-us; LS670 Build/ZVC) AppleWebKit/533.1 (KHTML, like Gecko) Version/4.0 Mobile Safari/533.1"
173.113.254.20 - - [18/Feb/2011:18:53:28 -0500] "GET /jslib/sencha-touch/resources/css/sencha-touch.css HTTP/1.1" 200 54022 "http://septa.mics.me/" "Mozilla/5.0 (Linux; U; Android 2.2.1; en-us; LS670 Build/ZVC) AppleWebKit/533.1 (KHTML, like Gecko) Version/4.0 Mobile Safari/533.1"
173.113.254.20 - - [18/Feb/2011:18:53:29 -0500] "GET /jslib/touch/map/plugins/GmapTraffic.js HTTP/1.1" 200 536 "http://septa.mics.me/" "Mozilla/5.0 (Linux; U; Android 2.2.1; en-us; LS670 Build/ZVC) AppleWebKit/533.1 (KHTML, like Gecko) Version/4.0 Mobile Safari/533.1"
173.113.254.20 - - [18/Feb/2011:18:53:28 -0500] "GET /jslib/sencha-touch/sencha-touch.js HTTP/1.1" 200 100134 "http://septa.mics.me/" "Mozilla/5.0 (Linux; U; Android 2.2.1; en-us; LS670 Build/ZVC) AppleWebKit/533.1 (KHTML, like Gecko) Version/4.0 Mobile Safari/533.1"
173.113.254.20 - - [18/Feb/2011:18:53:33 -0500] "GET /favicon.ico HTTP/1.1" 404 - "http://septa.mics.me/" "Mozilla/5.0 (Linux; U; Android 2.2.1; en-us; LS670 Build/ZVC) AppleWebKit/533.1 (KHTML, like Gecko) Version/4.0 Mobile Safari/533.1"
173.113.254.20 - - [18/Feb/2011:18:53:37 -0500] "GET /routes/json?_dc=1298073403476 HTTP/1.1" 200 3412 "http://septa.mics.me/" "Mozilla/5.0 (Linux; U; Android 2.2.1; en-us; LS670 Build/ZVC) AppleWebKit/533.1 (KHTML, like Gecko) Version/4.0 Mobile Safari/533.1"
69.141.198.208 - - [18/Feb/2011:18:54:10 -0500] "GET /favicon.ico HTTP/1.1" 404 - "-" "Mozilla/5.0 (Macintosh; U; Intel Mac OS X 10_6_6; en-US) AppleWebKit/534.20 (KHTML, like Gecko) Chrome/11.0.672.2 Safari/534.20"
173.113.254.20 - - [18/Feb/2011:18:54:37 -0500] "GET /img/bus_blue.png HTTP/1.1" 200 3212 "http://septa.mics.me/" "Mozilla/5.0 (Linux; U; Android 2.2.1; en-us; LS670 Build/ZVC) AppleWebKit/533.1 (KHTML, like Gecko) Version/4.0 Mobile Safari/533.1"
173.113.254.20 - - [18/Feb/2011:18:54:37 -0500] "GET /img/bus_yellow.png HTTP/1.1" 200 582 "http://septa.mics.me/" "Mozilla/5.0 (Linux; U; Android 2.2.1; en-us; LS670 Build/ZVC) AppleWebKit/533.1 (KHTML, like Gecko) Version/4.0 Mobile Safari/533.1"
173.113.254.20 - - [18/Feb/2011:18:54:37 -0500] "GET /img/bus_red.png HTTP/1.1" 200 3221 "http://septa.mics.me/" "Mozilla/5.0 (Linux; U; Android 2.2.1; en-us; LS670 Build/ZVC) AppleWebKit/533.1 (KHTML, like Gecko) Version/4.0 Mobile Safari/533.1"
69.141.198.208 - - [18/Feb/2011:18:54:47 -0500] "GET / HTTP/1.1" 200 343 "-" "Mozilla/5.0 (Macintosh; U; Intel Mac OS X 10_6_6; en-US) AppleWebKit/534.20 (KHTML, like Gecko) Chrome/11.0.672.2 Safari/534.20"
69.141.198.208 - - [18/Feb/2011:18:54:47 -0500] "GET /js/AppViewport.js?1298073456 HTTP/1.1" 200 1504 "http://septa.mics.me/" "Mozilla/5.0 (Macintosh; U; Intel Mac OS X 10_6_6; en-US) AppleWebKit/534.20 (KHTML, like Gecko) Chrome/11.0.672.2 Safari/534.20"
69.141.198.208 - - [18/Feb/2011:18:54:47 -0500] "GET /js/index.js?1298068507 HTTP/1.1" 304 - "http://septa.mics.me/" "Mozilla/5.0 (Macintosh; U; Intel Mac OS X 10_6_6; en-US) AppleWebKit/534.20 (KHTML, like Gecko) Chrome/11.0.672.2 Safari/534.20"
69.141.198.208 - - [18/Feb/2011:18:54:47 -0500] "GET /jslib/touch/map/plugins/GmapTracker.js HTTP/1.1" 200 2092 "http://septa.mics.me/" "Mozilla/5.0 (Macintosh; U; Intel Mac OS X 10_6_6; en-US) AppleWebKit/534.20 (KHTML, like Gecko) Chrome/11.0.672.2 Safari/534.20"
69.141.198.208 - - [18/Feb/2011:18:54:47 -0500] "GET /jslib/touch/map/plugins/GmapTraffic.js HTTP/1.1" 200 536 "http://septa.mics.me/" "Mozilla/5.0 (Macintosh; U; Intel Mac OS X 10_6_6; en-US) AppleWebKit/534.20 (KHTML, like Gecko) Chrome/11.0.672.2 Safari/534.20"
69.141.198.208 - - [18/Feb/2011:18:54:47 -0500] "GET /jslib/sencha-touch/resources/css/sencha-touch.css HTTP/1.1" 200 54022 "http://septa.mics.me/" "Mozilla/5.0 (Macintosh; U; Intel Mac OS X 10_6_6; en-US) AppleWebKit/534.20 (KHTML, like Gecko) Chrome/11.0.672.2 Safari/534.20"
69.141.198.208 - - [18/Feb/2011:18:54:47 -0500] "GET /jslib/sencha-touch/sencha-touch.js HTTP/1.1" 200 100134 "http://septa.mics.me/" "Mozilla/5.0 (Macintosh; U; Intel Mac OS X 10_6_6; en-US) AppleWebKit/534.20 (KHTML, like Gecko) Chrome/11.0.672.2 Safari/534.20"
69.141.198.208 - - [18/Feb/2011:18:54:49 -0500] "GET /favicon.ico HTTP/1.1" 404 - "-" "Mozilla/5.0 (Macintosh; U; Intel Mac OS X 10_6_6; en-US) AppleWebKit/534.20 (KHTML, like Gecko) Chrome/11.0.672.2 Safari/534.20"
69.141.198.208 - - [18/Feb/2011:18:54:51 -0500] "GET /routes/json?_dc=1298073462503 HTTP/1.1" 200 3412 "http://septa.mics.me/" "Mozilla/5.0 (Macintosh; U; Intel Mac OS X 10_6_6; en-US) AppleWebKit/534.20 (KHTML, like Gecko) Chrome/11.0.672.2 Safari/534.20"
173.113.254.20 - - [18/Feb/2011:18:55:17 -0500] "GET /img/bus_yellow.png HTTP/1.1" 200 582 "http://septa.mics.me/" "Mozilla/5.0 (Linux; U; Android 2.2.1; en-us; LS670 Build/ZVC) AppleWebKit/533.1 (KHTML, like Gecko) Version/4.0 Mobile Safari/533.1"
173.113.254.20 - - [18/Feb/2011:18:55:17 -0500] "GET /img/bus_blue.png HTTP/1.1" 200 3212 "http://septa.mics.me/" "Mozilla/5.0 (Linux; U; Android 2.2.1; en-us; LS670 Build/ZVC) AppleWebKit/533.1 (KHTML, like Gecko) Version/4.0 Mobile Safari/533.1"
173.113.254.20 - - [18/Feb/2011:18:55:17 -0500] "GET /img/bus_red.png HTTP/1.1" 200 3221 "http://septa.mics.me/" "Mozilla/5.0 (Linux; U; Android 2.2.1; en-us; LS670 Build/ZVC) AppleWebKit/533.1 (KHTML, like Gecko) Version/4.0 Mobile Safari/533.1"
173.113.254.20 - - [18/Feb/2011:18:55:45 -0500] "GET / HTTP/1.1" 200 343 "-" "Mozilla/5.0 (Linux; U; Android 2.2.1; en-us; LS670 Build/ZVC) AppleWebKit/533.1 (KHTML, like Gecko) Version/4.0 Mobile Safari/533.1"
173.113.254.20 - - [18/Feb/2011:18:55:50 -0500] "GET /jslib/touch/map/plugins/GmapTracker.js HTTP/1.1" 200 2092 "http://septa.mics.me/" "Mozilla/5.0 (Linux; U; Android 2.2.1; en-us; LS670 Build/ZVC) AppleWebKit/533.1 (KHTML, like Gecko) Version/4.0 Mobile Safari/533.1"
173.113.254.20 - - [18/Feb/2011:18:55:50 -0500] "GET /js/AppViewport.js?1298073456 HTTP/1.1" 200 1504 "http://septa.mics.me/" "Mozilla/5.0 (Linux; U; Android 2.2.1; en-us; LS670 Build/ZVC) AppleWebKit/533.1 (KHTML, like Gecko) Version/4.0 Mobile Safari/533.1"
173.113.254.20 - - [18/Feb/2011:18:55:50 -0500] "GET /js/index.js?1298068507 HTTP/1.1" 200 181 "http://septa.mics.me/" "Mozilla/5.0 (Linux; U; Android 2.2.1; en-us; LS670 Build/ZVC) AppleWebKit/533.1 (KHTML, like Gecko) Version/4.0 Mobile Safari/533.1"
